
Fetching /api/v1/programs/foo/bar ...
ERROR: 404 { error: 'Route not found' }

Fetching /api/v1/programs/foo ...
ERROR: 404 { error: 'Route not found' }

Fetching /api/v1/programs/suggest/bench ...
ERROR: 404 { error: 'No previous workout data found for exercise: bench' }

Fetching /api/v1/programs/12345 ...
ERROR: 404 { error: 'Route not found' }
